v1.x = ?.y
v1.v = ?.w
v2.w = v0.v
?.x = v2.z
v2.y = ::u
v1.x = ?.y
?.w = v1.v
v0.x = v0.y
::u = ::z
v0.v = ?.w

